Microsoft Windows [Version 10.0.18363.1316]
(c) 2019 Microsoft Corporation. All rights reserved.

E:\Create\BootStrap Tutorial>git --version
git version 2.22.0.windows.1

E:\Create\BootStrap Tutorial>git config --global user.name ""belikeswapnil

E:\Create\BootStrap Tutorial>git config --global user.name "belikeswapnil'

E:\Create\BootStrap Tutorial>git config --global user.name "belikeswapnil"

E:\Create\BootStrap Tutorial>git config --global user.email "belikeswapnil@gmail.com"

E:\Create\BootStrap Tutorial>git config --list
core.symlinks=false
core.autocrlf=true
core.fscache=true
color.diff=auto
color.status=auto
color.branch=auto
color.interactive=true
help.format=html
rebase.autosquash=true
http.sslcainfo=C:/Install Packages/Git/mingw64/ssl/certs/ca-bundle.crt
http.sslbackend=openssl
diff.astextplain.textconv=astextplain
filter.lfs.clean=git-lfs clean -- %f
filter.lfs.smudge=git-lfs smudge -- %f
filter.lfs.process=git-lfs filter-process
filter.lfs.required=true
credential.helper=manager
add.interactive.usebuiltin=true
user.email=belikeswapnil@gmail.com
user.name=belikeswapnil
filter.lfs.clean=git-lfs clean -- %f
filter.lfs.smudge=git-lfs smudge -- %f
filter.lfs.process=git-lfs filter-process
filter.lfs.required=true

E:\Create\BootStrap Tutorial>












Microsoft Windows [Version 10.0.18363.1316]
(c) 2019 Microsoft Corporation. All rights reserved.

E:\Create\BootStrap Tutorial\git-test>git init
Initialized empty Git repository in E:/Create/BootStrap Tutorial/git-test/.git/

E:\Create\BootStrap Tutorial\git-test>git status
On branch master

No commits yet

Untracked files:
  (use "git add <file>..." to include in what will be committed)

        index.html

nothing added to commit but untracked files present (use "git add" to track)

E:\Create\BootStrap Tutorial\git-test>git add .

E:\Create\BootStrap Tutorial\git-test>git status
On branch master

No commits yet

Changes to be committed:
  (use "git rm --cached <file>..." to unstage)

        new file:   index.html


E:\Create\BootStrap Tutorial\git-test>git commit -m "first commit"
[master (root-commit) 3b328a0] first commit
 1 file changed, 11 insertions(+)
 create mode 100644 index.html

E:\Create\BootStrap Tutorial\git-test>git status
On branch master
nothing to commit, working tree clean

E:\Create\BootStrap Tutorial\git-test>git log --oneline
3b328a0 (HEAD -> master) first commit

E:\Create\BootStrap Tutorial\git-test>